# Agostina1 TC12909
# Starting scenario: Test
ok 1 - Play RVL@Main.rvl.xlsx
ok 2 - Google_Chrome:_1_ventana_en_ejec.DoClick([])
ok 3 - Register.DoClick([])
ok 4 - Login.DoClick([])
ok 5 - Login.DoSetText(["agostinita"])
ok 6 - First_Name.DoClick([])
ok 7 - First_Name.DoSetText(["Agostina"])
ok 8 - Last_Name.DoClick([])
ok 9 - Last_Name.DoSetText(["Venezia"])
ok 10 - Password.DoClick([])
ok 11 - Password.DoSetText(["quete001*"])
ok 12 - Confirm_Password.DoClick([])
ok 13 - Confirm_Password.DoSetText(["quete001*"])
ok 14 - Register1.DoClick([])
ok 15 - Google_Chrome:_1_ventana_en_ejec1.DoClick([])
ok 16 - Google_Chrome:_1_ventana_en_ejec1.DoClick([])
ok 17 - Google_Chrome:_1_ventana_en_ejec1.DoClick([])
ok 18 - MY-REGISTER.DoClick([])
ok 19 - Password.DoSetText(["quete1."])
ok 20 - MY-REGISTER.DoClick([])
ok 21 - Confirm_Password.DoSetText(["quete1."])
ok 22 - Register1.DoClick([])
ok 23 - Password.DoClick([])
ok 24 - Password.DoSetText(["quete1.1234"])
ok 25 - Confirm_Password.DoClick([])
ok 26 - Confirm_Password.DoSetText(["quete1.1234"])
ok 27 - Register1.DoClick([])
ok 28 - Agostina1 TC12909
