# AgosVenezia2
# Starting scenario: Test
ok 1 - Play RVL@Main.rvl.xlsx
# Global.DoKillByPid: 14372
ok 2 - MY-APP.DoClick([])
ok 3 - Register.DoClick([])
ok 4 - Login.DoClick([])
ok 5 - Login.DoSetText(["AgosVenezia3"])
ok 6 - First_Name.DoClick([])
ok 7 - First_Name.DoSetText(["Agos"])
ok 8 - Last_Name.DoClick([])
ok 9 - Last_Name.DoSetText(["Vene"])
ok 10 - Password.DoClick([])
ok 11 - Password.DoSetText(["Probando3."])
ok 12 - Confirm_Password.DoClick([])
ok 13 - Confirm_Password.DoSetText(["Probando3."])
ok 14 - Register1.DoClick([])
ok 15 - MY-APP.DoClick([])
ok 16 - Register.DoClick([])
ok 17 - Login.DoClick([])
ok 18 - Login.DoSetText(["AgosVenezia4"])
ok 19 - First_Name.DoClick([])
ok 20 - First_Name.DoSetText(["Agostina"])
ok 21 - Last_Name.DoClick([])
ok 22 - Last_Name.DoSetText(["Venezia Napolillo"])
ok 23 - Password.DoClick([])
ok 24 - Password.DoSetText(["Probando4."])
ok 25 - Confirm_Password.DoClick([])
ok 26 - Confirm_Password.DoSetText(["Probando4."])
ok 27 - Register1.DoClick([])
ok 28 - MY-APP.DoClick([])
ok 29 - Register.DoClick([])
ok 30 - Login.DoClick([])
ok 31 - Login.DoSetText(["AgosVenezia5"])
ok 32 - First_Name.DoClick([])
ok 33 - First_Name.DoSetText(["Aguito"])
ok 34 - Last_Name.DoClick([])
ok 35 - Last_Name.DoSetText(["Napolillo"])
ok 36 - Password.DoClick([])
ok 37 - Password.DoSetText(["Probando5."])
ok 38 - Confirm_Password.DoClick([])
ok 39 - Confirm_Password.DoSetText(["Probando5."])
ok 40 - Register1.DoClick([])
ok 41 - AgosVenezia2
